  -0.100000E+00  -0.189021E+04   0.362704E+04
  -0.900000E-01  -0.192519E+04   0.379825E+04
  -0.800000E-01  -0.195587E+04   0.397225E+04
  -0.700000E-01  -0.198226E+04   0.414905E+04
  -0.600000E-01  -0.200434E+04   0.432865E+04
  -0.500000E-01  -0.202212E+04   0.451104E+04
  -0.400000E-01  -0.203560E+04   0.469624E+04
  -0.300000E-01  -0.204479E+04   0.488423E+04
  -0.200000E-01  -0.204967E+04   0.507503E+04
  -0.100000E-01  -0.205026E+04   0.526862E+04
   0.000000E+00  -0.204654E+04   0.546501E+04
   0.100000E-01  -0.203853E+04   0.566420E+04
   0.200000E-01  -0.202621E+04   0.586619E+04
   0.300000E-01  -0.200960E+04   0.607097E+04
   0.400000E-01  -0.198868E+04   0.627856E+04
   0.500000E-01  -0.196347E+04   0.648894E+04
   0.600000E-01  -0.193396E+04   0.670212E+04
   0.700000E-01  -0.190014E+04   0.691810E+04
   0.800000E-01  -0.186203E+04   0.713688E+04
   0.900000E-01  -0.181962E+04   0.735846E+04
   0.100000E+00  -0.177291E+04   0.758284E+04
